// Jest Snapshot v1, https://goo.gl/fbAQLP

exports[`[Intro] screen rendering test should render outer component and snapshot matches 1`] = `
<View
  style={
    Array [
      Object {
        "alignItems": "center",
        "alignSelf": "stretch",
        "backgroundColor": "#023059",
        "flexBasis": 0,
        "flexDirection": "column",
        "flexGrow": 1,
        "flexShrink": 1,
        "justifyContent": "flex-start",
        "overflow": "hidden",
      },
    ]
  }
>
  <View
    style={
      Array [
        Object {
          "alignItems": "center",
          "flexDirection": "row",
          "justifyContent": "center",
          "marginTop": 120,
        },
      ]
    }
  >
    <Image
      source={
        Object {
          "testUri": "../../../assets/icons/logo.png",
        }
      }
      style={
        Array [
          Object {
            "height": 30,
            "width": 135,
          },
        ]
      }
    />
  </View>
  <View
    style={
      Array [
        Object {
          "alignItems": "flex-start",
          "flexDirection": "column",
          "height": "100%",
          "justifyContent": "center",
          "width": "100%",
        },
      ]
    }
  >
    <RCTScrollView
      contentContainerStyle={
        Object {
          "alignItems": "center",
          "justifyContent": "center",
        }
      }
      style={
        Array [
          Object {
            "height": "100%",
            "width": "100%",
          },
        ]
      }
    >
      <View>
        <Image
          source={
            Object {
              "testUri": "../../../assets/icons/slash.png",
            }
          }
          style={
            Array [
              Object {
                "height": 14,
                "width": 14,
              },
              Object {
                "marginBottom": 34,
                "marginTop": 68,
              },
            ]
          }
        />
        <Text
          style={
            Object {
              "color": "white",
              "fontSize": 36,
              "fontWeight": "600",
              "height": 40,
              "opacity": 0,
            }
          }
        >
          정기결제
        </Text>
        <Text
          style={
            Array [
              Object {
                "color": "#ffffff",
                "fontSize": 36,
                "fontWeight": "600",
                "lineHeight": 48,
              },
            ]
          }
        >
          잊지말고
똑똑하게
        </Text>
        <Text
          style={
            Array [
              Object {
                "color": "#ffffff",
                "fontSize": 36,
                "fontWeight": "600",
                "lineHeight": 48,
              },
              Object {
                "color": "#ff84a5",
              },
            ]
          }
        >
          왓-썹
        </Text>
        <Image
          source={
            Object {
              "testUri": "../../../assets/icons/slash.png",
            }
          }
          style={
            Array [
              Object {
                "height": 14,
                "width": 14,
              },
              Object {
                "marginBottom": 68,
                "marginTop": 38,
              },
            ]
          }
        />
      </View>
    </RCTScrollView>
  </View>
  <View
    style={
      Array [
        Object {
          "alignItems": "center",
          "backgroundColor": "white",
          "bottom": 40,
          "flexDirection": "column",
          "height": 200,
          "justifyContent": "flex-start",
          "paddingTop": 28,
          "position": "absolute",
          "width": "100%",
        },
      ]
    }
  >
    <View
      accessible={true}
      clickable={true}
      isTVSelectable={true}
      onClick={[Function]}
      onResponderGrant={[Function]}
      onResponderMove={[Function]}
      onResponderRelease={[Function]}
      onResponderTerminate={[Function]}
      onResponderTerminationRequest={[Function]}
      onStartShouldSetResponder={[Function]}
      style={
        Object {
          "opacity": 1,
        }
      }
    >
      <View
        style={
          Array [
            Object {
              "alignItems": "center",
              "alignSelf": "center",
              "backgroundColor": "#023059",
              "borderColor": "#023059",
              "borderRadius": 4,
              "borderWidth": 2,
              "height": 52,
              "justifyContent": "center",
              "width": 320,
            },
            Object {
              "backgroundColor": "white",
              "borderColor": "#e1e4e7",
              "borderRadius": 0,
              "borderWidth": 1,
            },
          ]
        }
      >
        <Image
          source={
            Object {
              "testUri": "../../../assets/icons/google.png",
            }
          }
          style={
            Array [
              Object {
                "height": 24,
                "left": 16,
                "position": "absolute",
                "width": 24,
              },
            ]
          }
        />
        <Text
          style={
            Array [
              Object {
                "color": "#323b43",
                "fontSize": 14,
              },
            ]
          }
        >
          Sign in with Google
        </Text>
      </View>
    </View>
    <View
      style={
        Object {
          "marginTop": 8,
        }
      }
    />
    <View
      accessible={true}
      clickable={true}
      isTVSelectable={true}
      onClick={[Function]}
      onResponderGrant={[Function]}
      onResponderMove={[Function]}
      onResponderRelease={[Function]}
      onResponderTerminate={[Function]}
      onResponderTerminationRequest={[Function]}
      onStartShouldSetResponder={[Function]}
      style={
        Object {
          "opacity": 1,
        }
      }
    >
      <View
        style={
          Array [
            Object {
              "alignItems": "center",
              "alignSelf": "center",
              "backgroundColor": "#023059",
              "borderColor": "#023059",
              "borderRadius": 4,
              "borderWidth": 2,
              "height": 52,
              "justifyContent": "center",
              "width": 320,
            },
            Object {
              "backgroundColor": "white",
              "borderColor": "#e1e4e7",
              "borderRadius": 0,
              "borderWidth": 1,
            },
          ]
        }
      >
        <Image
          source={
            Object {
              "testUri": "../../../assets/icons/facebook.png",
            }
          }
          style={
            Array [
              Object {
                "height": 24,
                "left": 16,
                "position": "absolute",
                "width": 24,
              },
              Object {
                "height": 28,
                "width": 16,
              },
            ]
          }
        />
        <Text
          style={
            Array [
              Object {
                "color": "#323b43",
                "fontSize": 14,
              },
            ]
          }
        >
          Sign in with Facebook
        </Text>
      </View>
    </View>
  </View>
</View>
`;
